// Jest Snapshot v1, https://jestjs.io/docs/snapshot-testing

exports[`comoponents/rhs_card/RhsCard should match on post when no plugin defining card types 1`] = `
<div>
  <div
    class="sidebar-right__body sidebar-right__card"
  >
    <div
      class="sidebar--right__header"
    >
      <span
        class="sidebar--right__title"
        id="rhsPanelTitle"
      >
        Extra Information
      </span>
      <div
        class="pull-right"
      >
        <button
          aria-label="Expand Sidebar Icon"
          class="sidebar--right__expand btn btn-icon btn-sm"
          type="button"
        >
          <i
            class="icon icon-arrow-expand"
          />
          <i
            class="icon icon-arrow-collapse"
          />
        </button>
        <button
          aria-label="Close"
          class="sidebar--right__close btn btn-icon btn-sm"
          type="button"
        >
          <i
            aria-label="Close Sidebar Icon"
            class="icon icon-close"
          />
        </button>
      </div>
    </div>
    <div
      data-simplebar="init"
      style="--scrollbar-color: var(undefined);"
    >
      <div
        class="simplebar-wrapper"
      >
        <div
          class="simplebar-height-auto-observer-wrapper"
        >
          <div
            class="simplebar-height-auto-observer"
          />
        </div>
        <div
          class="simplebar-mask"
        >
          <div
            class="simplebar-offset"
            style="right: 0px; bottom: 0px;"
          >
            <div
              aria-label="scrollable content"
              class="simplebar-content-wrapper"
              role="region"
              style="height: auto; overflow-x: hidden; overflow-y: hidden;"
              tabindex="-1"
            >
              <div
                class="simplebar-content"
              >
                <div
                  class="post-right__scroll"
                >
                  <div
                    class="info-card"
                  >
                    <span />
                  </div>
                  <div
                    class="d-flex post-card--info"
                  >
                    <div
                      class="post-card--post-by overflow--ellipsis"
                    >
                      Message by 
                      <span
                        class="icon"
                      >
                        <svg
                          aria-label="Hanzo Team logo"
                          fill="currentColor"
                          role="img"
                          viewBox="0 0 67 67"
                        >
                          <path
                            d="M22.21 67V44.6369H0V67H22.21Z"
                          />
                          <path
                            d="M66.7038 22.3184H22.2534L0.0878906 44.6367H44.4634L66.7038 22.3184Z"
                          />
                          <path
                            d="M22.21 0H0V22.3184H22.21V0Z"
                          />
                          <path
                            d="M66.7198 0H44.5098V22.3184H66.7198V0Z"
                          />
                          <path
                            d="M66.7198 67V44.6369H44.5098V67H66.7198Z"
                          />
                        </svg>
                      </span>
                       
                      <div
                        class="user-popover"
                      >
                        Someone
                      </div>
                    </div>
                    <div
                      class="post-card--view-post"
                    >
                      <a
                        class="post__permalink"
                        href="/test-team-url/pl/123"
                      >
                        Jump
                      </a>
                    </div>
                  </div>
                </div>
              </div>
            </div>
          </div>
        </div>
        <div
          class="simplebar-placeholder"
          style="width: 0px; height: 0px;"
        />
      </div>
      <div
        class="simplebar-track simplebar-horizontal"
        style="visibility: hidden;"
      >
        <div
          class="simplebar-scrollbar"
          style="width: 0px; display: none;"
        />
      </div>
      <div
        class="simplebar-track simplebar-vertical"
        style="visibility: hidden;"
      >
        <div
          class="simplebar-scrollbar"
          style="height: 0px; display: none;"
        />
      </div>
    </div>
  </div>
</div>
`;

exports[`comoponents/rhs_card/RhsCard should match on post when plugin defining card types don't match with the post type 1`] = `
<div>
  <div
    class="sidebar-right__body sidebar-right__card"
  >
    <div
      class="sidebar--right__header"
    >
      <span
        class="sidebar--right__title"
        id="rhsPanelTitle"
      >
        Extra Information
      </span>
      <div
        class="pull-right"
      >
        <button
          aria-label="Expand Sidebar Icon"
          class="sidebar--right__expand btn btn-icon btn-sm"
          type="button"
        >
          <i
            class="icon icon-arrow-expand"
          />
          <i
            class="icon icon-arrow-collapse"
          />
        </button>
        <button
          aria-label="Close"
          class="sidebar--right__close btn btn-icon btn-sm"
          type="button"
        >
          <i
            aria-label="Close Sidebar Icon"
            class="icon icon-close"
          />
        </button>
      </div>
    </div>
    <div
      data-simplebar="init"
      style="--scrollbar-color: var(undefined);"
    >
      <div
        class="simplebar-wrapper"
      >
        <div
          class="simplebar-height-auto-observer-wrapper"
        >
          <div
            class="simplebar-height-auto-observer"
          />
        </div>
        <div
          class="simplebar-mask"
        >
          <div
            class="simplebar-offset"
            style="right: 0px; bottom: 0px;"
          >
            <div
              aria-label="scrollable content"
              class="simplebar-content-wrapper"
              role="region"
              style="height: auto; overflow-x: hidden; overflow-y: hidden;"
              tabindex="-1"
            >
              <div
                class="simplebar-content"
              >
                <div
                  class="post-right__scroll"
                >
                  <div
                    class="info-card"
                  >
                    <span />
                  </div>
                  <div
                    class="d-flex post-card--info"
                  >
                    <div
                      class="post-card--post-by overflow--ellipsis"
                    >
                      Message by 
                      <span
                        class="icon"
                      >
                        <svg
                          aria-label="Hanzo Team logo"
                          fill="currentColor"
                          role="img"
                          viewBox="0 0 67 67"
                        >
                          <path
                            d="M22.21 67V44.6369H0V67H22.21Z"
                          />
                          <path
                            d="M66.7038 22.3184H22.2534L0.0878906 44.6367H44.4634L66.7038 22.3184Z"
                          />
                          <path
                            d="M22.21 0H0V22.3184H22.21V0Z"
                          />
                          <path
                            d="M66.7198 0H44.5098V22.3184H66.7198V0Z"
                          />
                          <path
                            d="M66.7198 67V44.6369H44.5098V67H66.7198Z"
                          />
                        </svg>
                      </span>
                       
                      <div
                        class="user-popover"
                      >
                        Someone
                      </div>
                    </div>
                    <div
                      class="post-card--view-post"
                    >
                      <a
                        class="post__permalink"
                        href="/test-team-url/pl/123"
                      >
                        Jump
                      </a>
                    </div>
                  </div>
                </div>
              </div>
            </div>
          </div>
        </div>
        <div
          class="simplebar-placeholder"
          style="width: 0px; height: 0px;"
        />
      </div>
      <div
        class="simplebar-track simplebar-horizontal"
        style="visibility: hidden;"
      >
        <div
          class="simplebar-scrollbar"
          style="width: 0px; display: none;"
        />
      </div>
      <div
        class="simplebar-track simplebar-vertical"
        style="visibility: hidden;"
      >
        <div
          class="simplebar-scrollbar"
          style="height: 0px; display: none;"
        />
      </div>
    </div>
  </div>
</div>
`;

exports[`comoponents/rhs_card/RhsCard should match on post when plugin defining card types match with the post type 1`] = `
<div>
  <div
    class="sidebar-right__body sidebar-right__card"
  >
    <div
      class="sidebar--right__header"
    >
      <span
        class="sidebar--right__title"
        id="rhsPanelTitle"
      >
        Extra Information
      </span>
      <div
        class="pull-right"
      >
        <button
          aria-label="Expand Sidebar Icon"
          class="sidebar--right__expand btn btn-icon btn-sm"
          type="button"
        >
          <i
            class="icon icon-arrow-expand"
          />
          <i
            class="icon icon-arrow-collapse"
          />
        </button>
        <button
          aria-label="Close"
          class="sidebar--right__close btn btn-icon btn-sm"
          type="button"
        >
          <i
            aria-label="Close Sidebar Icon"
            class="icon icon-close"
          />
        </button>
      </div>
    </div>
    <div
      data-simplebar="init"
      style="--scrollbar-color: var(undefined);"
    >
      <div
        class="simplebar-wrapper"
      >
        <div
          class="simplebar-height-auto-observer-wrapper"
        >
          <div
            class="simplebar-height-auto-observer"
          />
        </div>
        <div
          class="simplebar-mask"
        >
          <div
            class="simplebar-offset"
            style="right: 0px; bottom: 0px;"
          >
            <div
              aria-label="scrollable content"
              class="simplebar-content-wrapper"
              role="region"
              style="height: auto; overflow-x: hidden; overflow-y: hidden;"
              tabindex="-1"
            >
              <div
                class="simplebar-content"
              >
                <div
                  class="post-right__scroll"
                >
                  <div
                    class="info-card"
                  >
                    <span />
                  </div>
                  <div
                    class="d-flex post-card--info"
                  >
                    <div
                      class="post-card--post-by overflow--ellipsis"
                    >
                      Message by 
                      <span
                        class="icon"
                      >
                        <svg
                          aria-label="Hanzo Team logo"
                          fill="currentColor"
                          role="img"
                          viewBox="0 0 67 67"
                        >
                          <path
                            d="M22.21 67V44.6369H0V67H22.21Z"
                          />
                          <path
                            d="M66.7038 22.3184H22.2534L0.0878906 44.6367H44.4634L66.7038 22.3184Z"
                          />
                          <path
                            d="M22.21 0H0V22.3184H22.21V0Z"
                          />
                          <path
                            d="M66.7198 0H44.5098V22.3184H66.7198V0Z"
                          />
                          <path
                            d="M66.7198 67V44.6369H44.5098V67H66.7198Z"
                          />
                        </svg>
                      </span>
                       
                      <div
                        class="user-popover"
                      >
                        Someone
                      </div>
                    </div>
                    <div
                      class="post-card--view-post"
                    >
                      <a
                        class="post__permalink"
                        href="/test-team-url/pl/123"
                      >
                        Jump
                      </a>
                    </div>
                  </div>
                </div>
              </div>
            </div>
          </div>
        </div>
        <div
          class="simplebar-placeholder"
          style="width: 0px; height: 0px;"
        />
      </div>
      <div
        class="simplebar-track simplebar-horizontal"
        style="visibility: hidden;"
      >
        <div
          class="simplebar-scrollbar"
          style="width: 0px; display: none;"
        />
      </div>
      <div
        class="simplebar-track simplebar-vertical"
        style="visibility: hidden;"
      >
        <div
          class="simplebar-scrollbar"
          style="height: 0px; display: none;"
        />
      </div>
    </div>
  </div>
</div>
`;

exports[`comoponents/rhs_card/RhsCard should match when no post is selected 1`] = `
<div>
  <div />
</div>
`;
